// Jest Snapshot v1, https://goo.gl/fbAQLP

exports[`<Accordion/> opens and closes the <Accordion /> component 1`] = `
<div
  class="accordion__Container-sc-l3iym9-0 eeTlkg"
>
  <div
    class="accordion__Inner-sc-l3iym9-1 geKvyH"
  >
    <h1
      class="accordion__Title-sc-l3iym9-2 KcycC"
    >
      Frequently Asked Questions
    </h1>
    <div
      class="accordion__Item-sc-l3iym9-3 halVLu"
    >
      <div
        class="accordion__Header-sc-l3iym9-4 fujbev"
      >
        What is Netflix?
        <img
          alt="add"
          src="images/icons/add.png"
        />
      </div>
    </div>
    <div
      class="accordion__Item-sc-l3iym9-3 halVLu"
    >
      <div
        class="accordion__Header-sc-l3iym9-4 fujbev"
      >
        How much does Netflix cost?
        <img
          alt="add"
          src="images/icons/add.png"
        />
      </div>
    </div>
    <div
      class="accordion__Item-sc-l3iym9-3 halVLu"
    >
      <div
        class="accordion__Header-sc-l3iym9-4 fujbev"
      >
        Where can I watch?
        <img
          alt="add"
          src="images/icons/add.png"
        />
      </div>
    </div>
    <div
      class="accordion__Item-sc-l3iym9-3 halVLu"
    >
      <div
        class="accordion__Header-sc-l3iym9-4 fujbev"
      >
        How do I cancel?
        <img
          alt="add"
          src="images/icons/add.png"
        />
      </div>
    </div>
    <div
      class="accordion__Item-sc-l3iym9-3 halVLu"
    >
      <div
        class="accordion__Header-sc-l3iym9-4 fujbev"
      >
        What can I watch on Netflix?
        <img
          alt="add"
          src="images/icons/add.png"
        />
      </div>
    </div>
  </div>
</div>
`;
